tests.testOutput{
	initialValue: &[]string{
		"value0",
		"value1",
		"value2",
		"value3",
		"value4",
		"value5",
		"value6",
		"value7",
		"value8",
		"value9",
		"value10",
		"value11",
		"value12",
		"value13",
		"value14",
		"value15",
		"value16",
		"value17",
		"value18",
		"value19",
	},
	changeValue: &[]string{
		"value0",
		"value1",
		"value2",
		"value3",
		"value4",
		"value5",
		"value6",
		"value7",
		"value8",
		"value9",
		"value10",
		"value11",
		"value12",
		"value13",
		"value14",
		"value15",
		"value16",
		"value17",
		"value18",
		"value19",
		"value20",
	},
	tfOut: `
Terraform used the selected providers to generate the following execution
plan. Resource actions are indicated with the following symbols:
+/- create replacement and then destroy

Terraform will perform the following actions:

  # crossprovider_test_res.example must be replaced
+/- resource "crossprovider_test_res" "example" {
      ~ id = "newid" -> (known after apply)

      + list_block { # forces replacement
          + prop = "value20"
        }

        # (20 unchanged blocks hidden)
    }

Plan: 1 to add, 0 to change, 1 to destroy.

`,
	pulumiOut: `Previewing update (test):
  pulumi:pulumi:Stack: (same)
    [urn=urn:pulumi:test::project::pulumi:pulumi:Stack::project-test]
    +-crossprovider:index/testRes:TestRes: (replace)
        [id=newid]
        [urn=urn:pulumi:test::project::crossprovider:index/testRes:TestRes::example]
      ~ listBlocks: [
          + [20]: {
                  + prop      : "value20"
                }
        ]
Resources:
    +-1 to replace
    1 unchanged
`,
	detailedDiff: map[string]interface{}{"listBlocks[20]": map[string]interface{}{"kind": "ADD_REPLACE"}},
}
