tfbridgetests.testOutput{
	initialValue: &[]string{
		"value",
	},
	tfOut: `
Terraform used the selected providers to generate the following execution
plan. Resource actions are indicated with the following symbols:
+/- create replacement and then destroy

Terraform will perform the following actions:

  # testprovider_test.res must be replaced
+/- resource "testprovider_test" "res" {
      ~ id  = "test-id" -> (known after apply)
      - key = [ # forces replacement
          - {
              - nested = "value" -> null
            },
        ] -> null
    }

Plan: 1 to add, 0 to change, 1 to destroy.

`,
	pulumiOut: `Previewing update (test):
  pulumi:pulumi:Stack: (same)
    [urn=urn:pulumi:test::project::pulumi:pulumi:Stack::project-test]
<<<<<<< HEAD
    ~ testprovider:index/test:Test: (update)
        [id=test-id]
        [urn=urn:pulumi:test::project::testprovider:index/test:Test::p]
=======
    +-testprovider:index/test:Test: (replace)
        [id=test-id]
        [urn=urn:pulumi:test::project::testprovider:index/test:Test::p]
      ~ id  : "test-id" => output<string>
>>>>>>> master
      - keys: [
      -     [0]: {
              - nested: "value"
            }
        ]
Resources:
<<<<<<< HEAD
    ~ 1 to update
=======
    +-1 to replace
>>>>>>> master
    1 unchanged
`,
}
