tests.testOutput{
	initialValue: &map[string]string{
		"key": "val1",
	},
	changeValue: &map[string]string{"key2": "val1"},
	tfOut: `
Terraform used the selected providers to generate the following execution
plan. Resource actions are indicated with the following symbols:
  ~ update in-place

Terraform will perform the following actions:

  # crossprovider_test_res.example will be updated in-place
  ~ resource "crossprovider_test_res" "example" {
        id   = "newid"
      ~ prop = {
          - "key"  = "val1" -> null
          + "key2" = "val1"
        }
    }

Plan: 0 to add, 1 to change, 0 to destroy.

`,
	pulumiOut: `Previewing update (test):
  pulumi:pulumi:Stack: (same)
    [urn=urn:pulumi:test::project::pulumi:pulumi:Stack::project-test]
    ~ crossprovider:index/testRes:TestRes: (update)
        [id=newid]
        [urn=urn:pulumi:test::project::crossprovider:index/testRes:TestRes::example]
      ~ prop: {
          - key : "val1"
          + key2: "val1"
        }
Resources:
    ~ 1 to update
    1 unchanged
`,
	detailedDiff: map[string]interface{}{
		"prop.key":  map[string]interface{}{"kind": "DELETE"},
		"prop.key2": map[string]interface{}{},
	},
}
