`
resource "aws_route53_record" "example" {
      for_each = {
        for dvo in aws_acm_certificate.example.domain_validation_options : dvo.domain_name => {
          name   = dvo.resource_record_name
          record = dvo.resource_record_value
          type   = dvo.resource_record_type
        }
      }

      allow_overwrite = true
      name            = each.value.name
      records         = [each.value.record]
      ttl             = 60
      type            = each.value.type
      zone_id         = aws_route53_zone.example1.zone_id
}


resource "aws_acm_certificate" "example" {
  domain_name       = "example.com"
  validation_method = "DNS"
}


resource "aws_route53_zone" "example1" {
  name = "example.com"
}
`
