tests.testOutput{
	initialValue: &[]string{
		"val1",
		"val2",
		"val3",
	},
	changeValue: &[]string{
		"val1",
		"val2",
	},
	tfOut: `
Terraform used the selected providers to generate the following execution
plan. Resource actions are indicated with the following symbols:
  ~ update in-place

Terraform will perform the following actions:

  # crossprovider_test_res.example will be updated in-place
  ~ resource "crossprovider_test_res" "example" {
        id = "id"

      - test {
          - computed = "non-computed-val3" -> null
          - nested   = "val3" -> null
        }

        # (2 unchanged blocks hidden)
    }

Plan: 0 to add, 1 to change, 0 to destroy.

`,
	pulumiOut: `Previewing update (test):
  pulumi:pulumi:Stack: (same)
    [urn=urn:pulumi:test::project::pulumi:pulumi:Stack::project-test]
    ~ crossprovider:index/testRes:TestRes: (update)
        [id=id]
        [urn=urn:pulumi:test::project::crossprovider:index/testRes:TestRes::example]
      ~ tests: [
          ~ [0]: {
                  + __defaults: []
                    computed  : "non-computed-val1"
                    nested    : "val1"
                }
          ~ [1]: {
                  + __defaults: []
                    computed  : "non-computed-val2"
                    nested    : "val2"
                }
          - [2]: {
                  - computed: "non-computed-val3"
                  - nested  : "val3"
                }
        ]
Resources:
    ~ 1 to update
    1 unchanged
`,
	detailedDiff: map[string]interface{}{
		"tests":           map[string]interface{}{"kind": "UPDATE"},
		"tests[2].nested": map[string]interface{}{"kind": "DELETE"},
	},
}
