tests.testOutput{
	initialValue: &[]string{
		"val1",
		"val2",
		"val3",
	},
	changeValue: &[]string{
		"val1",
		"val2",
	},
	tfOut: `
Terraform used the selected providers to generate the following execution
plan. Resource actions are indicated with the following symbols:
+/- create replacement and then destroy

Terraform will perform the following actions:

  # crossprovider_test_res.example must be replaced
+/- resource "crossprovider_test_res" "example" {
      ~ id   = "newid" -> (known after apply)
      ~ prop = [ # forces replacement
            # (1 unchanged element hidden)
            "val2",
          - "val3",
        ]
    }

Plan: 1 to add, 0 to change, 1 to destroy.

`,
	pulumiOut: `Previewing update (test):
  pulumi:pulumi:Stack: (same)
    [urn=urn:pulumi:test::project::pulumi:pulumi:Stack::project-test]
    +-crossprovider:index/testRes:TestRes: (replace)
        [id=newid]
        [urn=urn:pulumi:test::project::crossprovider:index/testRes:TestRes::example]
      ~ props : [
          - [2]: "val3"
        ]
Resources:
    +-1 to replace
    1 unchanged
`,
	detailedDiff: map[string]interface{}{
		"__meta":   map[string]interface{}{"kind": "UPDATE_REPLACE"},
		"props[2]": map[string]interface{}{"kind": "DELETE"},
	},
}
