tfbridgetests.testOutput{
	initialValue: &[]string{
		"val2",
		"val3",
	},
	changeValue: &[]string{
		"val2",
		"val3",
		"val1",
	},
	tfOut: `
Terraform used the selected providers to generate the following execution
plan. Resource actions are indicated with the following symbols:
  ~ update in-place

Terraform will perform the following actions:

  # testprovider_test.res will be updated in-place
  ~ resource "testprovider_test" "res" {
        id = "test-id"

      + key {
          + nested = "val1"
        }

        # (2 unchanged blocks hidden)
    }

Plan: 0 to add, 1 to change, 0 to destroy.

`,
	pulumiOut: `Previewing update (test):
  pulumi:pulumi:Stack: (same)
    [urn=urn:pulumi:test::project::pulumi:pulumi:Stack::project-test]
    ~ testprovider:index/test:Test: (update)
        [id=test-id]
        [urn=urn:pulumi:test::project::testprovider:index/test:Test::p]
      ~ keys: [
            [0]: {
                    nested: "val2"
                }
            [1]: {
                    nested: "val3"
                }
          + [2]: {
                  + nested: "val1"
                }
        ]
Resources:
    ~ 1 to update
    1 unchanged
`,
}
