Use the navigation to the left to read about the available resources.

## Example Usage

{{< chooser language "typescript,python,go,csharp,java,yaml" >}}
{{% choosable language typescript %}}
```yaml
# Pulumi.yaml provider configuration file
name: configuration-example
runtime: nodejs
config:
    simple-provider:authUrl:
        value: http://myauthurl:5000/v3
    simple-provider:password:
        value: pwd
    simple-provider:region:
        value: RegionOne
    simple-provider:tenantName:
        value: admin
    simple-provider:userName:
        value: admin

```
```typescript
import * as pulumi from "@pulumi/pulumi";
import * as simple from "@pulumi/simple";

//# Define a resource
const aResource = new simple.index.Resource("a_resource", {
    renamedInput1: "hello",
    inputTwo: true,
});
export const someOutput = aResource.result;
```
{{% /choosable %}}
{{% choosable language python %}}
```yaml
# Pulumi.yaml provider configuration file
name: configuration-example
runtime: python
config:
    simple-provider:authUrl:
        value: http://myauthurl:5000/v3
    simple-provider:password:
        value: pwd
    simple-provider:region:
        value: RegionOne
    simple-provider:tenantName:
        value: admin
    simple-provider:userName:
        value: admin

```
```python
import pulumi
import pulumi_simple as simple

## Define a resource
a_resource = simple.index.Resource("a_resource",
    renamed_input1=hello,
    input_two=True)
pulumi.export("someOutput", a_resource["result"])
```
{{% /choosable %}}
{{% choosable language csharp %}}
```yaml
# Pulumi.yaml provider configuration file
name: configuration-example
runtime: dotnet
config:
    simple-provider:authUrl:
        value: http://myauthurl:5000/v3
    simple-provider:password:
        value: pwd
    simple-provider:region:
        value: RegionOne
    simple-provider:tenantName:
        value: admin
    simple-provider:userName:
        value: admin

```
```csharp
using System.Collections.Generic;
using System.Linq;
using Pulumi;
using Simple = Pulumi.Simple;

return await Deployment.RunAsync(() => 
{
    //# Define a resource
    var aResource = new Simple.Index.Resource("a_resource", new()
    {
        RenamedInput1 = "hello",
        InputTwo = true,
    });

    return new Dictionary<string, object?>
    {
        ["someOutput"] = aResource.Result,
    };
});

```
{{% /choosable %}}
{{% choosable language go %}}
```yaml
# Pulumi.yaml provider configuration file
name: configuration-example
runtime: go
config:
    simple-provider:authUrl:
        value: http://myauthurl:5000/v3
    simple-provider:password:
        value: pwd
    simple-provider:region:
        value: RegionOne
    simple-provider:tenantName:
        value: admin
    simple-provider:userName:
        value: admin

```
```go
package main

import (
	"github.com/pulumi/pulumi-simple/sdk/go/simple"
	"github.com/pulumi/pulumi/sdk/v3/go/pulumi"
)

func main() {
	pulumi.Run(func(ctx *pulumi.Context) error {
		// # Define a resource
		aResource, err := simple.NewResource(ctx, "a_resource", &simple.ResourceArgs{
			RenamedInput1: "hello",
			InputTwo:      true,
		})
		if err != nil {
			return err
		}
		ctx.Export("someOutput", aResource.Result)
		return nil
	})
}
```
{{% /choosable %}}
{{% choosable language yaml %}}
```yaml
# Pulumi.yaml provider configuration file
name: configuration-example
runtime: yaml
config:
    simple-provider:authUrl:
        value: http://myauthurl:5000/v3
    simple-provider:password:
        value: pwd
    simple-provider:region:
        value: RegionOne
    simple-provider:tenantName:
        value: admin
    simple-provider:userName:
        value: admin

```
```yaml
resources:
  ## Define a resource
  aResource:
    type: simple:resource
    name: a_resource
    properties:
      renamedInput1: hello
      inputTwo: true
outputs:
  someOutput: ${aResource.result}
```
{{% /choosable %}}
{{% choosable language java %}}
```yaml
# Pulumi.yaml provider configuration file
name: configuration-example
runtime: java
config:
    simple-provider:authUrl:
        value: http://myauthurl:5000/v3
    simple-provider:password:
        value: pwd
    simple-provider:region:
        value: RegionOne
    simple-provider:tenantName:
        value: admin
    simple-provider:userName:
        value: admin

```
```java
package generated_program;

import com.pulumi.Context;
import com.pulumi.Pulumi;
import com.pulumi.core.Output;
import com.pulumi.simple.resource;
import com.pulumi.simple.ResourceArgs;
import java.util.List;
import java.util.ArrayList;
import java.util.Map;
import java.io.File;
import java.nio.file.Files;
import java.nio.file.Paths;

public class App {
    public static void main(String[] args) {
        Pulumi.run(App::stack);
    }

    public static void stack(Context ctx) {
        //# Define a resource
        var aResource = new Resource("aResource", ResourceArgs.builder()
            .renamedInput1("hello")
            .inputTwo(true)
            .build());

        ctx.export("someOutput", aResource.result());
    }
}
```
{{% /choosable %}}
{{< /chooser >}}


## Configuration Reference

The following configuration inputs are supported:
