tests.testOutput{
	initialValue: &[]string{
		"val1",
		"val2",
		"val3",
	},
	changeValue: &[]string{
		"val3",
		"val1",
	},
	tfOut: `
Terraform used the selected providers to generate the following execution
plan. Resource actions are indicated with the following symbols:
+/- create replacement and then destroy

Terraform will perform the following actions:

  # crossprovider_test_res.example must be replaced
+/- resource "crossprovider_test_res" "example" {
      ~ id        = "newid" -> (known after apply)
      ~ list_attr = [ # forces replacement
          - "val1",
          - "val2",
            "val3",
          + "val1",
        ]
    }

Plan: 1 to add, 0 to change, 1 to destroy.

`,
	pulumiOut: `Previewing update (test):
  pulumi:pulumi:Stack: (same)
    [urn=urn:pulumi:test::project::pulumi:pulumi:Stack::project-test]
    +-crossprovider:index/testRes:TestRes: (replace)
        [id=newid]
        [urn=urn:pulumi:test::project::crossprovider:index/testRes:TestRes::example]
      ~ listAttrs: [
          ~ [0]: "val1" => "val3"
          ~ [1]: "val2" => "val1"
          - [2]: "val3"
        ]
Resources:
    +-1 to replace
    1 unchanged
`,
	detailedDiff: map[string]interface{}{
		"listAttrs[0]": map[string]interface{}{"kind": "UPDATE_REPLACE"},
		"listAttrs[1]": map[string]interface{}{"kind": "UPDATE_REPLACE"},
		"listAttrs[2]": map[string]interface{}{"kind": "DELETE_REPLACE"},
	},
}
