{
  "name": "testprovider",
  "version": "0.0.1",
  "attribution": "This Pulumi package is based on the [`testprovider` Terraform Provider](https://github.com/terraform-providers/terraform-provider-testprovider).",
  "meta": {
    "moduleFormat": "(.*)(?:/[^/]*)"
  },
  "language": {
    "nodejs": {
      "readme": "\u003e This provider is a derived work of the [Terraform Provider](https://github.com/terraform-providers/terraform-provider-testprovider)\n\u003e distributed under [MPL 2.0](https://www.mozilla.org/en-US/MPL/2.0/). If you encounter a bug or missing feature,\n\u003e please consult the source [`terraform-provider-testprovider` repo](https://github.com/terraform-providers/terraform-provider-testprovider/issues).",
      "compatibility": "tfbridge20",
      "disableUnionOutputTypes": true
    },
    "python": {
      "readme": "\u003e This provider is a derived work of the [Terraform Provider](https://github.com/terraform-providers/terraform-provider-testprovider)\n\u003e distributed under [MPL 2.0](https://www.mozilla.org/en-US/MPL/2.0/). If you encounter a bug or missing feature,\n\u003e please consult the source [`terraform-provider-testprovider` repo](https://github.com/terraform-providers/terraform-provider-testprovider/issues).",
      "compatibility": "tfbridge20",
      "pyproject": {}
    }
  },
  "config": {},
  "provider": {
    "description": "The provider type for the testprovider package. By default, resources use package-wide configuration\nsettings, however an explicit `Provider` instance may be created and passed during resource\nconstruction to achieve fine-grained programmatic control over provider settings. See the\n[documentation](https://www.pulumi.com/docs/reference/programming-model/#providers) for more information.\n",
    "methods": {
      "terraformConfig": "pulumi:providers:testprovider/terraformConfig"
    }
  },
  "resources": {
    "testprovider:index/res:Res": {
      "properties": {
        "name": {
          "type": "string"
        },
        "req": {
          "type": "string"
        }
      },
      "required": [
        "name",
        "req"
      ],
      "inputProperties": {
        "name": {
          "type": "string"
        },
        "req": {
          "type": "string"
        }
      },
      "requiredInputs": [
        "req"
      ],
      "stateInputs": {
        "description": "Input properties used for looking up and filtering Res resources.\n",
        "properties": {
          "name": {
            "type": "string"
          },
          "req": {
            "type": "string"
          }
        },
        "type": "object"
      }
    }
  },
  "functions": {
    "pulumi:providers:testprovider/terraformConfig": {
      "description": "This function returns a Terraform config object with terraform-namecased keys,to be used with the Terraform Module Provider.",
      "inputs": {
        "properties": {
          "__self__": {
            "type": "ref",
            "$ref": "#/provider"
          }
        },
        "type": "pulumi:providers:testprovider/terraformConfig",
        "required": [
          "__self__"
        ]
      },
      "outputs": {
        "properties": {
          "result": {
            "additionalProperties": {
              "$ref": "pulumi.json#/Any"
            },
            "type": "object"
          }
        },
        "required": [
          "result"
        ],
        "type": "object"
      }
    }
  }
}
