{
  "changes": "DIFF_SOME",
  "diffs": [
    "attrNumberComputed",
    "attrNumberRequired",
    "attrStringDefault",
    "attrStringDefaultOverridden",
    "attrStringRequired"
  ]
}