tests.testOutput{
	initialValue: &[]string{
		"val1",
		"val2",
		"val3",
		"val4",
	},
	changeValue: &[]string{
		"val1",
		"val2",
		"val5",
		"val6",
	},
	tfOut: `
Terraform used the selected providers to generate the following execution
plan. Resource actions are indicated with the following symbols:
  ~ update in-place

Terraform will perform the following actions:

  # crossprovider_test_res.example will be updated in-place
  ~ resource "crossprovider_test_res" "example" {
        id = "id"

      - prop {
          - nested_prop = "val1" -> null
            # (1 unchanged attribute hidden)
        }
      - prop {
          - nested_prop = "val2" -> null
            # (1 unchanged attribute hidden)
        }
      - prop {
          - nested_prop = "val3" -> null
            # (1 unchanged attribute hidden)
        }
      - prop {
          - nested_prop = "val4" -> null
            # (1 unchanged attribute hidden)
        }
      + prop {
          + computed    = (known after apply)
          + nested_prop = "val1"
        }
      + prop {
          + computed    = (known after apply)
          + nested_prop = "val2"
        }
      + prop {
          + computed    = (known after apply)
          + nested_prop = "val5"
        }
      + prop {
          + computed    = (known after apply)
          + nested_prop = "val6"
        }
    }

Plan: 0 to add, 1 to change, 0 to destroy.

`,
	pulumiOut: `Previewing update (test):
  pulumi:pulumi:Stack: (same)
    [urn=urn:pulumi:test::project::pulumi:pulumi:Stack::project-test]
    ~ crossprovider:index/testRes:TestRes: (update)
        [id=id]
        [urn=urn:pulumi:test::project::crossprovider:index/testRes:TestRes::example]
      ~ props: [
          ~ [0]: {
                }
          ~ [1]: {
                }
          ~ [2]: {
                  ~ nestedProp: "val3" => "val5"
                }
          ~ [3]: {
                  ~ nestedProp: "val4" => "val6"
                }
        ]
Resources:
    ~ 1 to update
    1 unchanged
`,
	detailedDiff: map[string]interface{}{
		"props[0].computed":   map[string]interface{}{"kind": "UPDATE"},
		"props[1].computed":   map[string]interface{}{"kind": "UPDATE"},
		"props[2].computed":   map[string]interface{}{"kind": "UPDATE"},
		"props[2].nestedProp": map[string]interface{}{"kind": "UPDATE"},
		"props[3].computed":   map[string]interface{}{"kind": "UPDATE"},
		"props[3].nestedProp": map[string]interface{}{"kind": "UPDATE"},
	},
}
