tests.testOutput{
	initialValue: &[]string{
		"val1",
		"val2",
		"val3",
		"val4",
	},
	changeValue: &[]string{
		"val1",
		"val5",
		"val6",
		"val2",
	},
	tfOut: `
Terraform used the selected providers to generate the following execution
plan. Resource actions are indicated with the following symbols:
  ~ update in-place

Terraform will perform the following actions:

  # crossprovider_test_res.example will be updated in-place
  ~ resource "crossprovider_test_res" "example" {
        id = "id"

      - prop {
          - computed    = "non-computed-val3" -> null
          - nested_prop = "val3" -> null
        }
      - prop {
          - computed    = "non-computed-val4" -> null
          - nested_prop = "val4" -> null
        }
      + prop {
          + computed    = "non-computed-val5"
          + nested_prop = "val5"
        }
      + prop {
          + computed    = "non-computed-val6"
          + nested_prop = "val6"
        }

        # (2 unchanged blocks hidden)
    }

Plan: 0 to add, 1 to change, 0 to destroy.

`,
	pulumiOut: `Previewing update (test):
  pulumi:pulumi:Stack: (same)
    [urn=urn:pulumi:test::project::pulumi:pulumi:Stack::project-test]
    ~ crossprovider:index/testRes:TestRes: (update)
        [id=id]
        [urn=urn:pulumi:test::project::crossprovider:index/testRes:TestRes::example]
      ~ props: [
          + [1]: {
                  + computed  : "non-computed-val5"
                  + nestedProp: "val5"
                }
          ~ [2]: {
                  ~ computed  : "non-computed-val3" => "non-computed-val6"
                  ~ nestedProp: "val3" => "val6"
                }
          - [3]: {
                  - computed  : "non-computed-val4"
                  - nestedProp: "val4"
                }
        ]
Resources:
    ~ 1 to update
    1 unchanged
`,
	detailedDiff: map[string]interface{}{
		"props[1]":            map[string]interface{}{},
		"props[2].computed":   map[string]interface{}{"kind": "UPDATE"},
		"props[2].nestedProp": map[string]interface{}{"kind": "UPDATE"},
		"props[3]":            map[string]interface{}{"kind": "DELETE"},
	},
}
