tests.testOutput{
	initialValue: &[]string{
		"val1",
		"val2",
		"val3",
		"val4",
	},
	changeValue: &[]string{
		"val1",
		"val2",
		"val5",
		"val6",
	},
	tfOut: `
Terraform used the selected providers to generate the following execution
plan. Resource actions are indicated with the following symbols:
  ~ update in-place

Terraform will perform the following actions:

  # crossprovider_test_res.example will be updated in-place
  ~ resource "crossprovider_test_res" "example" {
        id   = "id"
      ~ prop = [
          - "val3",
          - "val4",
          + "val5",
          + "val6",
            # (2 unchanged elements hidden)
        ]
    }

Plan: 0 to add, 1 to change, 0 to destroy.

`,
	pulumiOut: `Previewing update (test):
  pulumi:pulumi:Stack: (same)
    [urn=urn:pulumi:test::project::pulumi:pulumi:Stack::project-test]
    ~ crossprovider:index/testRes:TestRes: (update)
        [id=id]
        [urn=urn:pulumi:test::project::crossprovider:index/testRes:TestRes::example]
      ~ props: [
          ~ [2]: "val3" => "val5"
          ~ [3]: "val4" => "val6"
        ]
Resources:
    ~ 1 to update
    1 unchanged
`,
	detailedDiff: map[string]interface{}{
		"props[2]": map[string]interface{}{"kind": "UPDATE"},
		"props[3]": map[string]interface{}{"kind": "UPDATE"},
	},
}
