tests.testOutput{
	initialValue: &[]string{
		"val1",
	},
	changeValue: nil,
	tfOut: `
Terraform used the selected providers to generate the following execution
plan. Resource actions are indicated with the following symbols:
  ~ update in-place

Terraform will perform the following actions:

  # crossprovider_test_res.example will be updated in-place
  ~ resource "crossprovider_test_res" "example" {
        id = "newid"

      - prop {
          - default     = "non-default-val1" -> null
          - nested_prop = "val1" -> null
        }
    }

Plan: 0 to add, 1 to change, 0 to destroy.

`,
	pulumiOut: `Previewing update (test):
  pulumi:pulumi:Stack: (same)
    [urn=urn:pulumi:test::project::pulumi:pulumi:Stack::project-test]
    ~ crossprovider:index/testRes:TestRes: (update)
        [id=newid]
        [urn=urn:pulumi:test::project::crossprovider:index/testRes:TestRes::example]
      - props: [
      -     [0]: {
              - default   : "non-default-val1"
              - nestedProp: "val1"
            }
        ]
Resources:
    ~ 1 to update
    1 unchanged
`,
	detailedDiff: map[string]interface{}{"props": map[string]interface{}{"kind": "DELETE"}},
}
