tests.testOutput{
	initialValue: &[]string{
		"val1",
		"val3",
	},
	changeValue: &[]string{
		"val1",
		"val2",
		"val3",
	},
	tfOut: `
Terraform used the selected providers to generate the following execution
plan. Resource actions are indicated with the following symbols:
+/- create replacement and then destroy

Terraform will perform the following actions:

  # crossprovider_test_res.example must be replaced
+/- resource "crossprovider_test_res" "example" {
      ~ id = "id" -> (known after apply)

      - test { # forces replacement
          - nested   = "val1" -> null
            # (1 unchanged attribute hidden)
        }
      - test { # forces replacement
          - nested   = "val3" -> null
            # (1 unchanged attribute hidden)
        }
      + test { # forces replacement
          + computed = (known after apply)
          + nested   = "val1"
        }
      + test { # forces replacement
          + computed = (known after apply)
          + nested   = "val2"
        }
      + test { # forces replacement
          + computed = (known after apply)
          + nested   = "val3"
        }
    }

Plan: 1 to add, 0 to change, 1 to destroy.

`,
	pulumiOut: `Previewing update (test):
  pulumi:pulumi:Stack: (same)
    [urn=urn:pulumi:test::project::pulumi:pulumi:Stack::project-test]
    +-crossprovider:index/testRes:TestRes: (replace)
        [id=id]
        [urn=urn:pulumi:test::project::crossprovider:index/testRes:TestRes::example]
      ~ tests: [
          ~ [0]: {
                }
          ~ [1]: {
                  ~ nested  : "val3" => "val2"
                }
          + [2]: {
                  + nested    : "val3"
                }
        ]
Resources:
    +-1 to replace
    1 unchanged
`,
	detailedDiff: map[string]interface{}{
		"tests[0].computed": map[string]interface{}{"kind": "UPDATE"},
		"tests[1].computed": map[string]interface{}{"kind": "UPDATE"},
		"tests[1].nested":   map[string]interface{}{"kind": "UPDATE_REPLACE"},
		"tests[2]":          map[string]interface{}{"kind": "ADD_REPLACE"},
	},
}
