tests.testOutput{
	initialValue: &[]string{
		"val1",
		"val2",
		"val3",
	},
	changeValue: &[]string{
		"val1",
		"val3",
	},
	tfOut: `
Terraform used the selected providers to generate the following execution
plan. Resource actions are indicated with the following symbols:
+/- create replacement and then destroy

Terraform will perform the following actions:

  # crossprovider_test_res.example must be replaced
+/- resource "crossprovider_test_res" "example" {
      ~ id = "id" -> (known after apply)

      - prop { # forces replacement
          - nested_prop = "val1" -> null
            # (1 unchanged attribute hidden)
        }
      - prop { # forces replacement
          - nested_prop = "val2" -> null
            # (1 unchanged attribute hidden)
        }
      - prop { # forces replacement
          - nested_prop = "val3" -> null
            # (1 unchanged attribute hidden)
        }
      + prop { # forces replacement
          + computed    = (known after apply)
          + nested_prop = "val1"
        }
      + prop { # forces replacement
          + computed    = (known after apply)
          + nested_prop = "val3"
        }
    }

Plan: 1 to add, 0 to change, 1 to destroy.

`,
	pulumiOut: `Previewing update (test):
  pulumi:pulumi:Stack: (same)
    [urn=urn:pulumi:test::project::pulumi:pulumi:Stack::project-test]
    +-crossprovider:index/testRes:TestRes: (replace)
        [id=id]
        [urn=urn:pulumi:test::project::crossprovider:index/testRes:TestRes::example]
      ~ props: [
          - [1]: {
                  - computed  : ""
                  - nestedProp: "val2"
                }
        ]
Resources:
    +-1 to replace
    1 unchanged
`,
	detailedDiff: map[string]interface{}{"props[1]": map[string]interface{}{"kind": "DELETE_REPLACE"}},
}
