tfbridgetests.testOutput{
	initialValue: &map[string]*string{
		"k": valast.Ptr("value"),
	},
	changeValue: &map[string]*string{"k": nil},
	tfOut: `
Terraform used the selected providers to generate the following execution
plan. Resource actions are indicated with the following symbols:
+/- create replacement and then destroy

Terraform will perform the following actions:

  # testprovider_test.res must be replaced
+/- resource "testprovider_test" "res" {
      ~ id  = "test-id" -> (known after apply)
      ~ key = {
          ~ "k" = {
              - nested = "value" -> null # forces replacement
            },
        }
    }

Plan: 1 to add, 0 to change, 1 to destroy.

`,
	pulumiOut: `Previewing update (test):

 ~  testprovider:index:Test p update [diff: ~key]
    pulumi:pulumi:Stack project-test
Resources:
    ~ 1 to update
    1 unchanged

`,
}
