"The execution ARN to be used in [<span pulumi-lang-nodejs=\"`lambdaPermission`\" pulumi-lang-dotnet=\"`LambdaPermission`\" pulumi-lang-go=\"`lambdaPermission`\" pulumi-lang-python=\"`lambda_permission`\" pulumi-lang-yaml=\"`lambdaPermission`\" pulumi-lang-java=\"`lambdaPermission`\">`lambda_permission`</span>](https://www.terraform.io/docs/providers/aws/r/lambda_permission.html)'s <span pulumi-lang-nodejs=\"`sourceArn`\" pulumi-lang-dotnet=\"`SourceArn`\" pulumi-lang-go=\"`sourceArn`\" pulumi-lang-python=\"`source_arn`\" pulumi-lang-yaml=\"`sourceArn`\" pulumi-lang-java=\"`sourceArn`\">`source_arn`</span>"
