The DNS name for the given subnet/AZ per [documented convention](http://docs.aws.amazon.com/efs/latest/ug/mounting-fs-mount-cmd-dns-name.html).