`The<span pulumi-lang-nodejs=" appIp " pulumi-lang-dotnet=" AppIp " pulumi-lang-go=" appIp " pulumi-lang-python=" app_ip " pulumi-lang-yaml=" appIp " pulumi-lang-java=" appIp "> app_ip </span>of name of the Firebase webApp.`
